// Jest Snapshot v1, https://goo.gl/fbAQLP

exports[`renders Answer.js without crashing should render correctly 1`] = `
<div>
  <p
    onClickCapture={[Function]}
  >
    undefined
  </p>
</div>
`;
