// Jest Snapshot v1, https://goo.gl/fbAQLP

exports[`renders Questions without crashing should render correctly 1`] = `
<div
  className="question-container"
>
  <img
    alt="john travolta gif"
    className="john-travolta-gif"
    src="https://i.gifer.com/7VE.gif"
  />
</div>
`;
